// Jest Snapshot v1, https://goo.gl/fbAQLP

exports[`Pruebas en FirstApp debe de hacer match con el snapshot 1`] = `
<div>
  <h2>
    Hola, soy Goku
  </h2>
  <h2>
    No hay subtitulo
  </h2>
  <h2>
    Ramon Eduardo
  </h2>
</div>
`;
